******************************************************************************
                  TI ARM Linker PC v20.2.5                     
******************************************************************************
>> Linked Thu Apr  7 14:21:20 2022

OUTPUT FILE NAME:   <Lab2.out>
ENTRY POINT SYMBOL: "_c_int00_noargs"  address: 00000d99


MEMORY CONFIGURATION

         name            origin    length      used     unused   attr    fill
----------------------  --------  ---------  --------  --------  ----  --------
  MAIN                  00000000   00040000  00000e84  0003f17c  R  X
  INFO                  00200000   00004000  00000000  00004000  R  X
  SRAM_CODE             01000000   00010000  000002a8  0000fd58  RW X
  SRAM_DATA             20000000   00010000  000002a8  0000fd58  RW  


SEGMENT ALLOCATION MAP

run origin  load origin   length   init length attrs members
----------  ----------- ---------- ----------- ----- -------
00000000    00000000    00000e84   00000e84    r-x
  00000000    00000000    000000e4   000000e4    r-- .intvecs
  000000e4    000000e4    00000d0c   00000d0c    r-x .text
  00000df0    00000df0    00000094   00000094    r-- .cinit
20000000    20000000    000000a8   00000000    rw-
  20000000    20000000    000000a8   00000000    rw- .data
2000fe00    2000fe00    00000200   00000000    rw-
  2000fe00    2000fe00    00000200   00000000    rw- .stack


SECTION ALLOCATION MAP

 output                                  attributes/
section   page    origin      length       input sections
--------  ----  ----------  ----------   ----------------
.intvecs   0    00000000    000000e4     
                  00000000    000000e4     startup_msp432p401r_ccs.obj (.intvecs:retain)

.text      0    000000e4    00000d0c     
                  000000e4    000007bc     main.obj (.text)
                  000008a0    00000334     system_msp432p401r.obj (.text)
                  00000bd4    0000009c     rtsv7M4_T_le_v4SPD16_eabi.lib : memcpy_t2.asm.obj (.text)
                  00000c70    0000007a                                   : memset_t2.asm.obj (.text)
                  00000cea    00000068                                   : copy_decompress_lzss.c.obj (.text:decompress:lzss:__TI_decompress_lzss)
                  00000d52    00000002     --HOLE-- [fill = 0]
                  00000d54    00000044                                   : autoinit.c.obj (.text:__TI_auto_init_nobinit_nopinit:__TI_auto_init_nobinit_nopinit)
                  00000d98    00000034                                   : boot_cortex_m.c.obj (.text:_c_int00_noargs:_c_int00_noargs)
                  00000dcc    0000000e                                   : copy_decompress_none.c.obj (.text:decompress:none:__TI_decompress_none)
                  00000dda    0000000e     startup_msp432p401r_ccs.obj (.text)
                  00000de8    00000004     rtsv7M4_T_le_v4SPD16_eabi.lib : pre_init.c.obj (.text:_system_pre_init)
                  00000dec    00000004                                   : exit.c.obj (.text:abort:abort)

.cinit     0    00000df0    00000094     
                  00000df0    00000081     (.cinit..data.load) [load image, compression = lzss]
                  00000e71    00000003     --HOLE-- [fill = 0]
                  00000e74    00000008     (__TI_handler_table)
                  00000e7c    00000008     (__TI_cinit_table)

.init_array 
*          0    00000000    00000000     UNINITIALIZED

.binit     0    00000000    00000000     

.data      0    20000000    000000a8     UNINITIALIZED
                  20000000    00000054     main.obj (.data:digit_array)
                  20000054    00000040     main.obj (.data:keypad_table)
                  20000094    00000010     main.obj (.data:port8)
                  200000a4    00000004     system_msp432p401r.obj (.data)

.stack     0    2000fe00    00000200     UNINITIALIZED
                  2000fe00    00000004     rtsv7M4_T_le_v4SPD16_eabi.lib : boot_cortex_m.c.obj (.stack)
                  2000fe04    000001fc     --HOLE--

__llvm_prf_cnts 
*          0    20000000    00000000     UNINITIALIZED

MODULE SUMMARY

       Module                        code   ro data   rw data
       ------                        ----   -------   -------
    .\
       main.obj                      1980   0         328    
       system_msp432p401r.obj        820    0         8      
       startup_msp432p401r_ccs.obj   14     228       0      
    +--+-----------------------------+------+---------+---------+
       Total:                        2814   228       336    
                                                             
    C:\ti\ccs1110\ccs\tools\compiler\ti-cgt-arm_20.2.5.LTS\lib\rtsv7M4_T_le_v4SPD16_eabi.lib
       memcpy_t2.asm.obj             156    0         0      
       memset_t2.asm.obj             122    0         0      
       copy_decompress_lzss.c.obj    104    0         0      
       autoinit.c.obj                68     0         0      
       boot_cortex_m.c.obj           52     0         0      
       copy_decompress_none.c.obj    14     0         0      
       exit.c.obj                    4      0         0      
       pre_init.c.obj                4      0         0      
    +--+-----------------------------+------+---------+---------+
       Total:                        524    0         0      
                                                             
       Stack:                        0      0         1024   
       Linker Generated:             0      145       0      
    +--+-----------------------------+------+---------+---------+
       Grand Total:                  3338   373       1360   


LINKER GENERATED COPY TABLES

__TI_cinit_table @ 00000e7c records: 1, size/record: 8, table size: 8
	.data: load addr=00000df0, load size=00000081 bytes, run addr=20000000, run size=000000a8 bytes, compression=lzss


LINKER GENERATED HANDLER TABLE

__TI_handler_table @ 00000e74 records: 2, size/record: 4, table size: 8
	index: 0, handler: __TI_decompress_lzss
	index: 1, handler: __TI_decompress_none


GLOBAL SYMBOLS: SORTED ALPHABETICALLY BY Name 

address   name                          
-------   ----                          
00000de7  ADC14_IRQHandler              
00000de7  AES256_IRQHandler             
00000de7  BusFault_Handler              
00000ded  C$$EXIT                       
00000de7  COMP_E0_IRQHandler            
00000de7  COMP_E1_IRQHandler            
00000de7  CS_IRQHandler                 
00000de7  DMA_ERR_IRQHandler            
00000de7  DMA_INT0_IRQHandler           
00000de7  DMA_INT1_IRQHandler           
00000de7  DMA_INT2_IRQHandler           
00000de7  DMA_INT3_IRQHandler           
00000de7  DebugMon_Handler              
00000de7  Default_Handler               
00000de7  EUSCIA0_IRQHandler            
00000de7  EUSCIA1_IRQHandler            
00000de7  EUSCIA2_IRQHandler            
00000de7  EUSCIA3_IRQHandler            
00000de7  EUSCIB0_IRQHandler            
00000de7  EUSCIB1_IRQHandler            
00000de7  EUSCIB2_IRQHandler            
00000de7  EUSCIB3_IRQHandler            
00000de7  FLCTL_IRQHandler              
00000de7  FPU_IRQHandler                
00000de7  HardFault_Handler             
00000de7  MemManage_Handler             
00000de7  NMI_Handler                   
00000de7  PCM_IRQHandler                
00000de7  PORT1_IRQHandler              
00000de7  PORT2_IRQHandler              
00000de7  PORT3_IRQHandler              
00000de7  PORT4_IRQHandler              
00000de7  PORT5_IRQHandler              
00000de7  PORT6_IRQHandler              
00000de7  PSS_IRQHandler                
00000de7  PendSV_Handler                
00000de7  RTC_C_IRQHandler              
00000ddb  Reset_Handler                 
00000de7  SVC_Handler                   
00000de7  SysTick_Handler               
200000a4  SystemCoreClock               
000008a1  SystemCoreClockUpdate         
00000b19  SystemInit                    
00000de7  T32_INT1_IRQHandler           
00000de7  T32_INT2_IRQHandler           
00000de7  T32_INTC_IRQHandler           
00000de7  TA0_0_IRQHandler              
00000de7  TA0_N_IRQHandler              
00000de7  TA1_0_IRQHandler              
00000de7  TA1_N_IRQHandler              
00000de7  TA2_0_IRQHandler              
00000de7  TA2_N_IRQHandler              
00000de7  TA3_0_IRQHandler              
00000de7  TA3_N_IRQHandler              
00000de7  UsageFault_Handler            
4000480c  WDTCTL_SYM                    
00000de7  WDT_A_IRQHandler              
20010000  __STACK_END                   
00000200  __STACK_SIZE                  
00000e7c  __TI_CINIT_Base               
00000e84  __TI_CINIT_Limit              
00000e74  __TI_Handler_Table_Base       
00000e7c  __TI_Handler_Table_Limit      
00000d55  __TI_auto_init_nobinit_nopinit
00000ceb  __TI_decompress_lzss          
00000dcd  __TI_decompress_none          
ffffffff  __TI_pprof_out_hndl           
ffffffff  __TI_prof_data_size           
ffffffff  __TI_prof_data_start          
00000000  __TI_static_base__            
00000c71  __aeabi_memclr                
00000c71  __aeabi_memclr4               
00000c71  __aeabi_memclr8               
00000bd5  __aeabi_memcpy                
00000bd5  __aeabi_memcpy4               
00000bd5  __aeabi_memcpy8               
00000c73  __aeabi_memset                
00000c73  __aeabi_memset4               
00000c73  __aeabi_memset8               
ffffffff  __binit__                     
ffffffff  __c_args__                    
UNDEFED   __mpu_init                    
2000fe00  __stack                       
20000000  __start___llvm_prf_cnts       
20000000  __stop___llvm_prf_cnts        
00000d99  _c_int00_noargs               
UNDEFED   _system_post_cinit            
00000de9  _system_pre_init              
00000ded  abort                         
ffffffff  binit                         
000005d3  check_passcode                
0000060b  cleardisp                     
00000775  decode                        
20000000  digit_array                   
0000072d  input_key                     
00000000  interruptVectors              
20000054  keypad_table                  
0000068d  lddisp                        
0000063d  load_passcode                 
0000066b  locdisp                       
000000e5  main                          
00000bd5  memcpy                        
00000c79  memset                        
000006d1  opendisp                      
20000094  port8                         
00000717  show                          
000006f3  wait                          
000006af  zerodisp                      


GLOBAL SYMBOLS: SORTED BY Symbol Address 

address   name                          
-------   ----                          
00000000  __TI_static_base__            
00000000  interruptVectors              
000000e5  main                          
00000200  __STACK_SIZE                  
000005d3  check_passcode                
0000060b  cleardisp                     
0000063d  load_passcode                 
0000066b  locdisp                       
0000068d  lddisp                        
000006af  zerodisp                      
000006d1  opendisp                      
000006f3  wait                          
00000717  show                          
0000072d  input_key                     
00000775  decode                        
000008a1  SystemCoreClockUpdate         
00000b19  SystemInit                    
00000bd5  __aeabi_memcpy                
00000bd5  __aeabi_memcpy4               
00000bd5  __aeabi_memcpy8               
00000bd5  memcpy                        
00000c71  __aeabi_memclr                
00000c71  __aeabi_memclr4               
00000c71  __aeabi_memclr8               
00000c73  __aeabi_memset                
00000c73  __aeabi_memset4               
00000c73  __aeabi_memset8               
00000c79  memset                        
00000ceb  __TI_decompress_lzss          
00000d55  __TI_auto_init_nobinit_nopinit
00000d99  _c_int00_noargs               
00000dcd  __TI_decompress_none          
00000ddb  Reset_Handler                 
00000de7  ADC14_IRQHandler              
00000de7  AES256_IRQHandler             
00000de7  BusFault_Handler              
00000de7  COMP_E0_IRQHandler            
00000de7  COMP_E1_IRQHandler            
00000de7  CS_IRQHandler                 
00000de7  DMA_ERR_IRQHandler            
00000de7  DMA_INT0_IRQHandler           
00000de7  DMA_INT1_IRQHandler           
00000de7  DMA_INT2_IRQHandler           
00000de7  DMA_INT3_IRQHandler           
00000de7  DebugMon_Handler              
00000de7  Default_Handler               
00000de7  EUSCIA0_IRQHandler            
00000de7  EUSCIA1_IRQHandler            
00000de7  EUSCIA2_IRQHandler            
00000de7  EUSCIA3_IRQHandler            
00000de7  EUSCIB0_IRQHandler            
00000de7  EUSCIB1_IRQHandler            
00000de7  EUSCIB2_IRQHandler            
00000de7  EUSCIB3_IRQHandler            
00000de7  FLCTL_IRQHandler              
00000de7  FPU_IRQHandler                
00000de7  HardFault_Handler             
00000de7  MemManage_Handler             
00000de7  NMI_Handler                   
00000de7  PCM_IRQHandler                
00000de7  PORT1_IRQHandler              
00000de7  PORT2_IRQHandler              
00000de7  PORT3_IRQHandler              
00000de7  PORT4_IRQHandler              
00000de7  PORT5_IRQHandler              
00000de7  PORT6_IRQHandler              
00000de7  PSS_IRQHandler                
00000de7  PendSV_Handler                
00000de7  RTC_C_IRQHandler              
00000de7  SVC_Handler                   
00000de7  SysTick_Handler               
00000de7  T32_INT1_IRQHandler           
00000de7  T32_INT2_IRQHandler           
00000de7  T32_INTC_IRQHandler           
00000de7  TA0_0_IRQHandler              
00000de7  TA0_N_IRQHandler              
00000de7  TA1_0_IRQHandler              
00000de7  TA1_N_IRQHandler              
00000de7  TA2_0_IRQHandler              
00000de7  TA2_N_IRQHandler              
00000de7  TA3_0_IRQHandler              
00000de7  TA3_N_IRQHandler              
00000de7  UsageFault_Handler            
00000de7  WDT_A_IRQHandler              
00000de9  _system_pre_init              
00000ded  C$$EXIT                       
00000ded  abort                         
00000e74  __TI_Handler_Table_Base       
00000e7c  __TI_CINIT_Base               
00000e7c  __TI_Handler_Table_Limit      
00000e84  __TI_CINIT_Limit              
20000000  __start___llvm_prf_cnts       
20000000  __stop___llvm_prf_cnts        
20000000  digit_array                   
20000054  keypad_table                  
20000094  port8                         
200000a4  SystemCoreClock               
2000fe00  __stack                       
20010000  __STACK_END                   
4000480c  WDTCTL_SYM                    
ffffffff  __TI_pprof_out_hndl           
ffffffff  __TI_prof_data_size           
ffffffff  __TI_prof_data_start          
ffffffff  __binit__                     
ffffffff  __c_args__                    
ffffffff  binit                         
UNDEFED   __mpu_init                    
UNDEFED   _system_post_cinit            

[108 symbols]
